13:13:41 **** Incremental Build of configuration Debug for project vdma_ctrl ****
make all 
make --no-print-directory pre-build
a9-linaro-pre-build-step
' '
make --no-print-directory main-build
'Building file: ../src/cam_vdma_hdmi.c'
'Invoking: ARM v7 gcc compiler'
arm-none-eabi-gcc -Wall -O0 -g3 -c -fmessage-length=0 -MT"src/cam_vdma_hdmi.o" -mcpu=cortex-a9 -mfpu=vfpv3 -mfloat-abi=hard -IE:/FPGA_Project/2020_2/CNN/proj/4_cam_vdma_hdmi/vmda_HDMI_cam/vitis/design_1_wrapper/export/design_1_wrapper/sw/design_1_wrapper/standalone_ps7_cortexa9_0/bspinclude/include -MMD -MP -MF"src/cam_vdma_hdmi.d" -MT"src/cam_vdma_hdmi.o" -o "src/cam_vdma_hdmi.o" "../src/cam_vdma_hdmi.c"
../src/cam_vdma_hdmi.c: In function 'VDMA_PrintStatus':
../src/cam_vdma_hdmi.c:203:32: warning: format '%X' expects argument of type 'unsigned int', but argument 2 has type 'u32' {aka 'long unsigned int'} [-Wformat=]
  203 |     printf("  VDMACR:     0x%08X\n", Xil_In32(VDMA_BASEADDR + S2MM_VDMACR));
      |                             ~~~^     ~~~~~~~~~~~~~~~~~~~~~~~~~~~~~~~~~~~~~
      |                                |     |
      |                                |     u32 {aka long unsigned int}
      |                                unsigned int
      |                             %08lX
../src/cam_vdma_hdmi.c:204:32: warning: format '%X' expects argument of type 'unsigned int', but argument 2 has type 'u32' {aka 'long unsigned int'} [-Wformat=]
  204 |     printf("  VDMASR:     0x%08X\n", Xil_In32(VDMA_BASEADDR + S2MM_VDMASR));
      |                             ~~~^     ~~~~~~~~~~~~~~~~~~~~~~~~~~~~~~~~~~~~~
      |                                |     |
      |                                |     u32 {aka long unsigned int}
      |                                unsigned int
      |                             %08lX
../src/cam_vdma_hdmi.c:205:32: warning: format '%X' expects argument of type 'unsigned int', but argument 2 has type 'u32' {aka 'long unsigned int'} [-Wformat=]
  205 |     printf("  START_ADDR: 0x%08X\n", Xil_In32(VDMA_BASEADDR + S2MM_START_ADDR_1));
      |                             ~~~^     ~~~~~~~~~~~~~~~~~~~~~~~~~~~~~~~~~~~~~~~~~~~
      |                                |     |
      |                                |     u32 {aka long unsigned int}
      |                                unsigned int
      |                             %08lX
../src/cam_vdma_hdmi.c:206:32: warning: format '%X' expects argument of type 'unsigned int', but argument 2 has type 'u32' {aka 'long unsigned int'} [-Wformat=]
  206 |     printf("  STRIDE:     0x%08X (%d bytes)\n",
      |                             ~~~^
      |                                |
      |                                unsigned int
      |                             %08lX
  207 |            Xil_In32(VDMA_BASEADDR + S2MM_FRMDLY_STRIDE),
      |            ~~~~~~~~~~~~~~~~~~~~~~~~~~~~~~~~~~~~~~~~~~~~
      |            |
      |            u32 {aka long unsigned int}
../src/cam_vdma_hdmi.c:206:36: warning: format '%d' expects argument of type 'int', but argument 3 has type 'u32' {aka 'long unsigned int'} [-Wformat=]
  206 |     printf("  STRIDE:     0x%08X (%d bytes)\n",
      |                                   ~^
      |                                    |
      |                                    int
      |                                   %ld
  207 |            Xil_In32(VDMA_BASEADDR + S2MM_FRMDLY_STRIDE),
  208 |            Xil_In32(VDMA_BASEADDR + S2MM_FRMDLY_STRIDE));
      |            ~~~~~~~~~~~~~~~~~~~~~~~~~~~~~~~~~~~~~~~~~~~~
      |            |
      |            u32 {aka long unsigned int}
../src/cam_vdma_hdmi.c:209:32: warning: format '%X' expects argument of type 'unsigned int', but argument 2 has type 'u32' {aka 'long unsigned int'} [-Wformat=]
  209 |     printf("  HSIZE:      0x%08X (%d bytes)\n",
      |                             ~~~^
      |                                |
      |                                unsigned int
      |                             %08lX
  210 |            Xil_In32(VDMA_BASEADDR + S2MM_HSIZE),
      |            ~~~~~~~~~~~~~~~~~~~~~~~~~~~~~~~~~~~~
      |            |
      |            u32 {aka long unsigned int}
../src/cam_vdma_hdmi.c:209:36: warning: format '%d' expects argument of type 'int', but argument 3 has type 'u32' {aka 'long unsigned int'} [-Wformat=]
  209 |     printf("  HSIZE:      0x%08X (%d bytes)\n",
      |                                   ~^
      |                                    |
      |                                    int
      |                                   %ld
  210 |            Xil_In32(VDMA_BASEADDR + S2MM_HSIZE),
  211 |            Xil_In32(VDMA_BASEADDR + S2MM_HSIZE));
      |            ~~~~~~~~~~~~~~~~~~~~~~~~~~~~~~~~~~~~
      |            |
      |            u32 {aka long unsigned int}
../src/cam_vdma_hdmi.c:212:32: warning: format '%X' expects argument of type 'unsigned int', but argument 2 has type 'u32' {aka 'long unsigned int'} [-Wformat=]
  212 |     printf("  VSIZE:      0x%08X (%d lines)\n",
      |                             ~~~^
      |                                |
      |                                unsigned int
      |                             %08lX
  213 |            Xil_In32(VDMA_BASEADDR + S2MM_VSIZE),
      |            ~~~~~~~~~~~~~~~~~~~~~~~~~~~~~~~~~~~~
      |            |
      |            u32 {aka long unsigned int}
../src/cam_vdma_hdmi.c:212:36: warning: format '%d' expects argument of type 'int', but argument 3 has type 'u32' {aka 'long unsigned int'} [-Wformat=]
  212 |     printf("  VSIZE:      0x%08X (%d lines)\n",
      |                                   ~^
      |                                    |
      |                                    int
      |                                   %ld
  213 |            Xil_In32(VDMA_BASEADDR + S2MM_VSIZE),
  214 |            Xil_In32(VDMA_BASEADDR + S2MM_VSIZE));
      |            ~~~~~~~~~~~~~~~~~~~~~~~~~~~~~~~~~~~~
      |            |
      |            u32 {aka long unsigned int}
../src/cam_vdma_hdmi.c:217:32: warning: format '%X' expects argument of type 'unsigned int', but argument 2 has type 'u32' {aka 'long unsigned int'} [-Wformat=]
  217 |     printf("  VDMACR:     0x%08X\n", Xil_In32(VDMA_BASEADDR + MM2S_VDMACR));
      |                             ~~~^     ~~~~~~~~~~~~~~~~~~~~~~~~~~~~~~~~~~~~~
      |                                |     |
      |                                |     u32 {aka long unsigned int}
      |                                unsigned int
      |                             %08lX
../src/cam_vdma_hdmi.c:218:32: warning: format '%X' expects argument of type 'unsigned int', but argument 2 has type 'u32' {aka 'long unsigned int'} [-Wformat=]
  218 |     printf("  VDMASR:     0x%08X\n", Xil_In32(VDMA_BASEADDR + MM2S_VDMASR));
      |                             ~~~^     ~~~~~~~~~~~~~~~~~~~~~~~~~~~~~~~~~~~~~
      |                                |     |
      |                                |     u32 {aka long unsigned int}
      |                                unsigned int
      |                             %08lX
../src/cam_vdma_hdmi.c:219:32: warning: format '%X' expects argument of type 'unsigned int', but argument 2 has type 'u32' {aka 'long unsigned int'} [-Wformat=]
  219 |     printf("  START_ADDR: 0x%08X\n", Xil_In32(VDMA_BASEADDR + MM2S_START_ADDR_1));
      |                             ~~~^     ~~~~~~~~~~~~~~~~~~~~~~~~~~~~~~~~~~~~~~~~~~~
      |                                |     |
      |                                |     u32 {aka long unsigned int}
      |                                unsigned int
      |                             %08lX
../src/cam_vdma_hdmi.c:220:32: warning: format '%X' expects argument of type 'unsigned int', but argument 2 has type 'u32' {aka 'long unsigned int'} [-Wformat=]
  220 |     printf("  STRIDE:     0x%08X (%d bytes)\n",
      |                             ~~~^
      |                                |
      |                                unsigned int
      |                             %08lX
  221 |            Xil_In32(VDMA_BASEADDR + MM2S_FRMDLY_STRIDE),
      |            ~~~~~~~~~~~~~~~~~~~~~~~~~~~~~~~~~~~~~~~~~~~~
      |            |
      |            u32 {aka long unsigned int}
../src/cam_vdma_hdmi.c:220:36: warning: format '%d' expects argument of type 'int', but argument 3 has type 'u32' {aka 'long unsigned int'} [-Wformat=]
  220 |     printf("  STRIDE:     0x%08X (%d bytes)\n",
      |                                   ~^
      |                                    |
      |                                    int
      |                                   %ld
  221 |            Xil_In32(VDMA_BASEADDR + MM2S_FRMDLY_STRIDE),
  222 |            Xil_In32(VDMA_BASEADDR + MM2S_FRMDLY_STRIDE));
      |            ~~~~~~~~~~~~~~~~~~~~~~~~~~~~~~~~~~~~~~~~~~~~
      |            |
      |            u32 {aka long unsigned int}
../src/cam_vdma_hdmi.c:223:32: warning: format '%X' expects argument of type 'unsigned int', but argument 2 has type 'u32' {aka 'long unsigned int'} [-Wformat=]
  223 |     printf("  HSIZE:      0x%08X (%d bytes)\n",
      |                             ~~~^
      |                                |
      |                                unsigned int
      |                             %08lX
  224 |            Xil_In32(VDMA_BASEADDR + MM2S_HSIZE),
      |            ~~~~~~~~~~~~~~~~~~~~~~~~~~~~~~~~~~~~
      |            |
      |            u32 {aka long unsigned int}
../src/cam_vdma_hdmi.c:223:36: warning: format '%d' expects argument of type 'int', but argument 3 has type 'u32' {aka 'long unsigned int'} [-Wformat=]
  223 |     printf("  HSIZE:      0x%08X (%d bytes)\n",
      |                                   ~^
      |                                    |
      |                                    int
      |                                   %ld
  224 |            Xil_In32(VDMA_BASEADDR + MM2S_HSIZE),
  225 |            Xil_In32(VDMA_BASEADDR + MM2S_HSIZE));
      |            ~~~~~~~~~~~~~~~~~~~~~~~~~~~~~~~~~~~~
      |            |
      |            u32 {aka long unsigned int}
../src/cam_vdma_hdmi.c:226:32: warning: format '%X' expects argument of type 'unsigned int', but argument 2 has type 'u32' {aka 'long unsigned int'} [-Wformat=]
  226 |     printf("  VSIZE:      0x%08X (%d lines)\n",
      |                             ~~~^
      |                                |
      |                                unsigned int
      |                             %08lX
  227 |            Xil_In32(VDMA_BASEADDR + MM2S_VSIZE),
      |            ~~~~~~~~~~~~~~~~~~~~~~~~~~~~~~~~~~~~
      |            |
      |            u32 {aka long unsigned int}
../src/cam_vdma_hdmi.c:226:36: warning: format '%d' expects argument of type 'int', but argument 3 has type 'u32' {aka 'long unsigned int'} [-Wformat=]
  226 |     printf("  VSIZE:      0x%08X (%d lines)\n",
      |                                   ~^
      |                                    |
      |                                    int
      |                                   %ld
  227 |            Xil_In32(VDMA_BASEADDR + MM2S_VSIZE),
  228 |            Xil_In32(VDMA_BASEADDR + MM2S_VSIZE));
      |            ~~~~~~~~~~~~~~~~~~~~~~~~~~~~~~~~~~~~
      |            |
      |            u32 {aka long unsigned int}
'Finished building: ../src/cam_vdma_hdmi.c'
' '
'Building target: vdma_ctrl.elf'
'Invoking: ARM v7 gcc linker'
arm-none-eabi-gcc -mcpu=cortex-a9 -mfpu=vfpv3 -mfloat-abi=hard -Wl,-build-id=none -specs=Xilinx.spec -Wl,-T -Wl,../src/lscript.ld -LE:/FPGA_Project/2020_2/CNN/proj/4_cam_vdma_hdmi/vmda_HDMI_cam/vitis/design_1_wrapper/export/design_1_wrapper/sw/design_1_wrapper/standalone_ps7_cortexa9_0/bsplib/lib -o "vdma_ctrl.elf"  ./src/cam_vdma_hdmi.o   -Wl,--start-group,-lxil,-lgcc,-lc,--end-group
'Finished building target: vdma_ctrl.elf'
' '
'Invoking: ARM v7 Print Size'
arm-none-eabi-size vdma_ctrl.elf  |tee "vdma_ctrl.elf.size"
   text	   data	    bss	    dec	    hex	filename
  51344	   2548	  22640	  76532	  12af4	vdma_ctrl.elf
'Finished building: vdma_ctrl.elf.size'
' '

13:13:41 Build Finished (took 329ms)

