Nothing to build in platform 'ov5640_hdmi_wrapper'

09:59:32 **** Incremental Build of configuration Debug for project ov5640_hdmi_dispaly ****
make all 
make --no-print-directory pre-build
a9-linaro-pre-build-step
' '
make --no-print-directory main-build
'Building file: ../src/main.c'
'Invoking: ARM v7 gcc compiler'
arm-none-eabi-gcc -Wall -O0 -g3 -c -fmessage-length=0 -MT"src/main.o" -mcpu=cortex-a9 -mfpu=vfpv3 -mfloat-abi=hard -IE:/FPGA_Project/2020_2/CNN/proj/ov5640_hdmi_v1/vitis/ov5640_hdmi_wrapper/export/ov5640_hdmi_wrapper/sw/ov5640_hdmi_wrapper/standalone_ps7_cortexa9_0/bspinclude/include -MMD -MP -MF"src/main.d" -MT"src/main.o" -o "src/main.o" "../src/main.c"
'Finished building: ../src/main.c'
' '
'Building target: ov5640_hdmi_dispaly.elf'
'Invoking: ARM v7 gcc linker'
arm-none-eabi-gcc -mcpu=cortex-a9 -mfpu=vfpv3 -mfloat-abi=hard -Wl,-build-id=none -specs=Xilinx.spec -Wl,-T -Wl,../src/lscript.ld -LE:/FPGA_Project/2020_2/CNN/proj/ov5640_hdmi_v1/vitis/ov5640_hdmi_wrapper/export/ov5640_hdmi_wrapper/sw/ov5640_hdmi_wrapper/standalone_ps7_cortexa9_0/bsplib/lib -o "ov5640_hdmi_dispaly.elf"  ./src/main.o   -Wl,--start-group,-lxil,-lgcc,-lc,--end-group
'Finished building target: ov5640_hdmi_dispaly.elf'
' '
'Invoking: ARM v7 Print Size'
arm-none-eabi-size ov5640_hdmi_dispaly.elf  |tee "ov5640_hdmi_dispaly.elf.size"
   text	   data	    bss	    dec	    hex	filename
  48272	   2056	  25456	  75784	  12808	ov5640_hdmi_dispaly.elf
'Finished building: ov5640_hdmi_dispaly.elf.size'
' '
