17:37:44 **** Build of configuration Debug for project vdma_ctrl ****
make all 
make --no-print-directory pre-build
a9-linaro-pre-build-step
' '
make --no-print-directory main-build
'Building file: ../src/cam_vdma_hdmi.c'
'Invoking: ARM v7 gcc compiler'
arm-none-eabi-gcc -Wall -O0 -g3 -c -fmessage-length=0 -MT"src/cam_vdma_hdmi.o" -mcpu=cortex-a9 -mfpu=vfpv3 -mfloat-abi=hard -IE:/FPGA_Project/2020_2/CNN/proj/4_cam_vdma_hdmi/vmda_HDMI_cam/vitis/design_1_wrapper/export/design_1_wrapper/sw/design_1_wrapper/standalone_ps7_cortexa9_0/bspinclude/include -MMD -MP -MF"src/cam_vdma_hdmi.d" -MT"src/cam_vdma_hdmi.o" -o "src/cam_vdma_hdmi.o" "../src/cam_vdma_hdmi.c"
../src/cam_vdma_hdmi.c: In function 'main':
../src/cam_vdma_hdmi.c:163:34: warning: format '%d' expects argument of type 'int', but argument 2 has type 'u32' {aka 'long unsigned int'} [-Wformat=]
  163 |             printf("S2MM Frame: %d, MM2S Frame: %d\n", s2mm_frame, mm2s_frame);
      |                                 ~^                     ~~~~~~~~~~
      |                                  |                     |
      |                                  int                   u32 {aka long unsigned int}
      |                                 %ld
../src/cam_vdma_hdmi.c:163:50: warning: format '%d' expects argument of type 'int', but argument 3 has type 'u32' {aka 'long unsigned int'} [-Wformat=]
  163 |             printf("S2MM Frame: %d, MM2S Frame: %d\n", s2mm_frame, mm2s_frame);
      |                                                 ~^                 ~~~~~~~~~~
      |                                                  |                 |
      |                                                  int               u32 {aka long unsigned int}
      |                                                 %ld
../src/cam_vdma_hdmi.c:169:34: warning: format '%d' expects argument of type 'int', but argument 2 has type 'u32' {aka 'long unsigned int'} [-Wformat=]
  169 |             printf("S2MM Frame: %d, MM2S Frame: %d\n", s2mm_frame, mm2s_frame);
      |                                 ~^                     ~~~~~~~~~~
      |                                  |                     |
      |                                  int                   u32 {aka long unsigned int}
      |                                 %ld
../src/cam_vdma_hdmi.c:169:50: warning: format '%d' expects argument of type 'int', but argument 3 has type 'u32' {aka 'long unsigned int'} [-Wformat=]
  169 |             printf("S2MM Frame: %d, MM2S Frame: %d\n", s2mm_frame, mm2s_frame);
      |                                                 ~^                 ~~~~~~~~~~
      |                                                  |                 |
      |                                                  int               u32 {aka long unsigned int}
      |                                                 %ld
../src/cam_vdma_hdmi.c:180:39: warning: format '%X' expects argument of type 'unsigned int', but argument 2 has type 'u32' {aka 'long unsigned int'} [-Wformat=]
  180 |             printf("S2MM Status: 0x%08X, Frame: %d\n", s2mm_sr, s2mm_frame);
      |                                    ~~~^                ~~~~~~~
      |                                       |                |
      |                                       unsigned int     u32 {aka long unsigned int}
      |                                    %08lX
../src/cam_vdma_hdmi.c:180:50: warning: format '%d' expects argument of type 'int', but argument 3 has type 'u32' {aka 'long unsigned int'} [-Wformat=]
  180 |             printf("S2MM Status: 0x%08X, Frame: %d\n", s2mm_sr, s2mm_frame);
      |                                                 ~^              ~~~~~~~~~~
      |                                                  |              |
      |                                                  int            u32 {aka long unsigned int}
      |                                                 %ld
../src/cam_vdma_hdmi.c: In function 'VDMA_PrintStatus':
../src/cam_vdma_hdmi.c:262:32: warning: format '%X' expects argument of type 'unsigned int', but argument 2 has type 'u32' {aka 'long unsigned int'} [-Wformat=]
  262 |     printf("  VDMACR:     0x%08X\n", Xil_In32(VDMA_BASEADDR + S2MM_VDMACR));
      |                             ~~~^     ~~~~~~~~~~~~~~~~~~~~~~~~~~~~~~~~~~~~~
      |                                |     |
      |                                |     u32 {aka long unsigned int}
      |                                unsigned int
      |                             %08lX
../src/cam_vdma_hdmi.c:263:32: warning: format '%X' expects argument of type 'unsigned int', but argument 2 has type 'u32' {aka 'long unsigned int'} [-Wformat=]
  263 |     printf("  VDMASR:     0x%08X\n", Xil_In32(VDMA_BASEADDR + S2MM_VDMASR));
      |                             ~~~^     ~~~~~~~~~~~~~~~~~~~~~~~~~~~~~~~~~~~~~
      |                                |     |
      |                                |     u32 {aka long unsigned int}
      |                                unsigned int
      |                             %08lX
../src/cam_vdma_hdmi.c:264:32: warning: format '%X' expects argument of type 'unsigned int', but argument 2 has type 'u32' {aka 'long unsigned int'} [-Wformat=]
  264 |     printf("  START_ADDR: 0x%08X\n", Xil_In32(VDMA_BASEADDR + S2MM_START_ADDR_1));
      |                             ~~~^     ~~~~~~~~~~~~~~~~~~~~~~~~~~~~~~~~~~~~~~~~~~~
      |                                |     |
      |                                |     u32 {aka long unsigned int}
      |                                unsigned int
      |                             %08lX
../src/cam_vdma_hdmi.c:265:32: warning: format '%X' expects argument of type 'unsigned int', but argument 2 has type 'u32' {aka 'long unsigned int'} [-Wformat=]
  265 |     printf("  STRIDE:     0x%08X (%d bytes)\n",
      |                             ~~~^
      |                                |
      |                                unsigned int
      |                             %08lX
  266 |            Xil_In32(VDMA_BASEADDR + S2MM_FRMDLY_STRIDE),
      |            ~~~~~~~~~~~~~~~~~~~~~~~~~~~~~~~~~~~~~~~~~~~~
      |            |
      |            u32 {aka long unsigned int}
../src/cam_vdma_hdmi.c:265:36: warning: format '%d' expects argument of type 'int', but argument 3 has type 'u32' {aka 'long unsigned int'} [-Wformat=]
  265 |     printf("  STRIDE:     0x%08X (%d bytes)\n",
      |                                   ~^
      |                                    |
      |                                    int
      |                                   %ld
  266 |            Xil_In32(VDMA_BASEADDR + S2MM_FRMDLY_STRIDE),
  267 |            Xil_In32(VDMA_BASEADDR + S2MM_FRMDLY_STRIDE));
      |            ~~~~~~~~~~~~~~~~~~~~~~~~~~~~~~~~~~~~~~~~~~~~
      |            |
      |            u32 {aka long unsigned int}
../src/cam_vdma_hdmi.c:268:32: warning: format '%X' expects argument of type 'unsigned int', but argument 2 has type 'u32' {aka 'long unsigned int'} [-Wformat=]
  268 |     printf("  HSIZE:      0x%08X (%d bytes)\n",
      |                             ~~~^
      |                                |
      |                                unsigned int
      |                             %08lX
  269 |            Xil_In32(VDMA_BASEADDR + S2MM_HSIZE),
      |            ~~~~~~~~~~~~~~~~~~~~~~~~~~~~~~~~~~~~
      |            |
      |            u32 {aka long unsigned int}
../src/cam_vdma_hdmi.c:268:36: warning: format '%d' expects argument of type 'int', but argument 3 has type 'u32' {aka 'long unsigned int'} [-Wformat=]
  268 |     printf("  HSIZE:      0x%08X (%d bytes)\n",
      |                                   ~^
      |                                    |
      |                                    int
      |                                   %ld
  269 |            Xil_In32(VDMA_BASEADDR + S2MM_HSIZE),
  270 |            Xil_In32(VDMA_BASEADDR + S2MM_HSIZE));
      |            ~~~~~~~~~~~~~~~~~~~~~~~~~~~~~~~~~~~~
      |            |
      |            u32 {aka long unsigned int}
../src/cam_vdma_hdmi.c:271:32: warning: format '%X' expects argument of type 'unsigned int', but argument 2 has type 'u32' {aka 'long unsigned int'} [-Wformat=]
  271 |     printf("  VSIZE:      0x%08X (%d lines)\n",
      |                             ~~~^
      |                                |
      |                                unsigned int
      |                             %08lX
  272 |            Xil_In32(VDMA_BASEADDR + S2MM_VSIZE),
      |            ~~~~~~~~~~~~~~~~~~~~~~~~~~~~~~~~~~~~
      |            |
      |            u32 {aka long unsigned int}
../src/cam_vdma_hdmi.c:271:36: warning: format '%d' expects argument of type 'int', but argument 3 has type 'u32' {aka 'long unsigned int'} [-Wformat=]
  271 |     printf("  VSIZE:      0x%08X (%d lines)\n",
      |                                   ~^
      |                                    |
      |                                    int
      |                                   %ld
  272 |            Xil_In32(VDMA_BASEADDR + S2MM_VSIZE),
  273 |            Xil_In32(VDMA_BASEADDR + S2MM_VSIZE));
      |            ~~~~~~~~~~~~~~~~~~~~~~~~~~~~~~~~~~~~
      |            |
      |            u32 {aka long unsigned int}
../src/cam_vdma_hdmi.c:276:32: warning: format '%X' expects argument of type 'unsigned int', but argument 2 has type 'u32' {aka 'long unsigned int'} [-Wformat=]
  276 |     printf("  VDMACR:     0x%08X\n", Xil_In32(VDMA_BASEADDR + MM2S_VDMACR));
      |                             ~~~^     ~~~~~~~~~~~~~~~~~~~~~~~~~~~~~~~~~~~~~
      |                                |     |
      |                                |     u32 {aka long unsigned int}
      |                                unsigned int
      |                             %08lX
../src/cam_vdma_hdmi.c:277:32: warning: format '%X' expects argument of type 'unsigned int', but argument 2 has type 'u32' {aka 'long unsigned int'} [-Wformat=]
  277 |     printf("  VDMASR:     0x%08X\n", Xil_In32(VDMA_BASEADDR + MM2S_VDMASR));
      |                             ~~~^     ~~~~~~~~~~~~~~~~~~~~~~~~~~~~~~~~~~~~~
      |                                |     |
      |                                |     u32 {aka long unsigned int}
      |                                unsigned int
      |                             %08lX
../src/cam_vdma_hdmi.c:278:32: warning: format '%X' expects argument of type 'unsigned int', but argument 2 has type 'u32' {aka 'long unsigned int'} [-Wformat=]
  278 |     printf("  START_ADDR: 0x%08X\n", Xil_In32(VDMA_BASEADDR + MM2S_START_ADDR_1));
      |                             ~~~^     ~~~~~~~~~~~~~~~~~~~~~~~~~~~~~~~~~~~~~~~~~~~
      |                                |     |
      |                                |     u32 {aka long unsigned int}
      |                                unsigned int
      |                             %08lX
../src/cam_vdma_hdmi.c:279:32: warning: format '%X' expects argument of type 'unsigned int', but argument 2 has type 'u32' {aka 'long unsigned int'} [-Wformat=]
  279 |     printf("  STRIDE:     0x%08X (%d bytes)\n",
      |                             ~~~^
      |                                |
      |                                unsigned int
      |                             %08lX
  280 |            Xil_In32(VDMA_BASEADDR + MM2S_FRMDLY_STRIDE),
      |            ~~~~~~~~~~~~~~~~~~~~~~~~~~~~~~~~~~~~~~~~~~~~
      |            |
      |            u32 {aka long unsigned int}
../src/cam_vdma_hdmi.c:279:36: warning: format '%d' expects argument of type 'int', but argument 3 has type 'u32' {aka 'long unsigned int'} [-Wformat=]
  279 |     printf("  STRIDE:     0x%08X (%d bytes)\n",
      |                                   ~^
      |                                    |
      |                                    int
      |                                   %ld
  280 |            Xil_In32(VDMA_BASEADDR + MM2S_FRMDLY_STRIDE),
  281 |            Xil_In32(VDMA_BASEADDR + MM2S_FRMDLY_STRIDE));
      |            ~~~~~~~~~~~~~~~~~~~~~~~~~~~~~~~~~~~~~~~~~~~~
      |            |
      |            u32 {aka long unsigned int}
../src/cam_vdma_hdmi.c:282:32: warning: format '%X' expects argument of type 'unsigned int', but argument 2 has type 'u32' {aka 'long unsigned int'} [-Wformat=]
  282 |     printf("  HSIZE:      0x%08X (%d bytes)\n",
      |                             ~~~^
      |                                |
      |                                unsigned int
      |                             %08lX
  283 |            Xil_In32(VDMA_BASEADDR + MM2S_HSIZE),
      |            ~~~~~~~~~~~~~~~~~~~~~~~~~~~~~~~~~~~~
      |            |
      |            u32 {aka long unsigned int}
../src/cam_vdma_hdmi.c:282:36: warning: format '%d' expects argument of type 'int', but argument 3 has type 'u32' {aka 'long unsigned int'} [-Wformat=]
  282 |     printf("  HSIZE:      0x%08X (%d bytes)\n",
      |                                   ~^
      |                                    |
      |                                    int
      |                                   %ld
  283 |            Xil_In32(VDMA_BASEADDR + MM2S_HSIZE),
  284 |            Xil_In32(VDMA_BASEADDR + MM2S_HSIZE));
      |            ~~~~~~~~~~~~~~~~~~~~~~~~~~~~~~~~~~~~
      |            |
      |            u32 {aka long unsigned int}
../src/cam_vdma_hdmi.c:285:32: warning: format '%X' expects argument of type 'unsigned int', but argument 2 has type 'u32' {aka 'long unsigned int'} [-Wformat=]
  285 |     printf("  VSIZE:      0x%08X (%d lines)\n",
      |                             ~~~^
      |                                |
      |                                unsigned int
      |                             %08lX
  286 |            Xil_In32(VDMA_BASEADDR + MM2S_VSIZE),
      |            ~~~~~~~~~~~~~~~~~~~~~~~~~~~~~~~~~~~~
      |            |
      |            u32 {aka long unsigned int}
../src/cam_vdma_hdmi.c:285:36: warning: format '%d' expects argument of type 'int', but argument 3 has type 'u32' {aka 'long unsigned int'} [-Wformat=]
  285 |     printf("  VSIZE:      0x%08X (%d lines)\n",
      |                                   ~^
      |                                    |
      |                                    int
      |                                   %ld
  286 |            Xil_In32(VDMA_BASEADDR + MM2S_VSIZE),
  287 |            Xil_In32(VDMA_BASEADDR + MM2S_VSIZE));
      |            ~~~~~~~~~~~~~~~~~~~~~~~~~~~~~~~~~~~~
      |            |
      |            u32 {aka long unsigned int}
'Finished building: ../src/cam_vdma_hdmi.c'
' '
'Building target: vdma_ctrl.elf'
'Invoking: ARM v7 gcc linker'
arm-none-eabi-gcc -mcpu=cortex-a9 -mfpu=vfpv3 -mfloat-abi=hard -Wl,-build-id=none -specs=Xilinx.spec -Wl,-T -Wl,../src/lscript.ld -LE:/FPGA_Project/2020_2/CNN/proj/4_cam_vdma_hdmi/vmda_HDMI_cam/vitis/design_1_wrapper/export/design_1_wrapper/sw/design_1_wrapper/standalone_ps7_cortexa9_0/bsplib/lib -o "vdma_ctrl.elf"  ./src/cam_vdma_hdmi.o   -Wl,--start-group,-lxil,-lgcc,-lc,--end-group -Wl,--start-group,-lxilffs,-lxil,-lgcc,-lc,--end-group -Wl,--start-group,-lrsa,-lxil,-lgcc,-lc,--end-group
'Finished building target: vdma_ctrl.elf'
' '
'Invoking: ARM v7 Print Size'
arm-none-eabi-size vdma_ctrl.elf  |tee "vdma_ctrl.elf.size"
   text	   data	    bss	    dec	    hex	filename
  55096	   2548	  22656	  80300	  139ac	vdma_ctrl.elf
'Finished building: vdma_ctrl.elf.size'
' '

17:37:45 Build Finished (took 402ms)

